[www.tunav.com/index.html]
[backblue.gif]
[fade.gif]
[index.html]
[www.tunav.com/js/583c2aa_jquery.min_1.js]
[www.tunav.com/js/583c2aa_jquery.equal-height_2.js]
[www.tunav.com/js/583c2aa_jquery.appear_3.js]
[www.tunav.com/js/583c2aa_jquery.masonry.pkgd.min_4.js]
[www.tunav.com/js/583c2aa_jquery.imagesloaded.pkgd.min_5.js]
[www.tunav.com/js/583c2aa_owl.carousel.min_6.js]
[www.tunav.com/bundles/frontend/favicon.png]
[www.tunav.com/bundles/frontend/assets/img/logo-default-white.png]
[www.tunav.com/bundles/frontend/assets/img/logo-default.png]
[www.tunav.com/fr/Tunav.html]
[www.tunav.com/fr/index.html]
[www.tunav.com/fr/latrace-tracking-gps-gprs-tunisie.html]
[www.tunav.com/en/index.html]
[www.tunav.com/fr/leParc.html]
[www.tunav.com/fr/genie-logiciel.html]
[www.tunav.com/fr/sig.html]
[www.tunav.com/fr/telemetrie.html]
[www.tunav.com/fr/safari.html]
[www.tunav.com/fr/miniTrace.html]
[www.tunav.com/fr/laTrace-particulier.html]
[www.tunav.com/fr/accesPartner.html]
[www.tunav.com/fr/partner.html]
[www.tunav.com/bundles/frontend/assets/img/logo_500x500.png]
[www.tunav.com/fr/blog.html]
[www.tunav.com/bundles/frontend/assets/img/latrace.jpg]
[www.tunav.com/fr/contact.html]
[www.tunav.com/bundles/frontend/assets/img/widgets/square-transparent.png]
[www.tunav.com/bundles/frontend/assets/img/pack-gps-pro.png]
[www.tunav.com/bundles/frontend/assets/img/pack-gps-light.png]
[www.tunav.com/fr/devis.html]
[www.tunav.com/bundles/frontend/assets/img/pack-gps-sms.png]
[www.tunav.com/uploads/article/6/participation-de-tunav-au-salon-du-transport-logistique-2016.jpg]
[www.tunav.com/uploads/article/7/participation-de-tunav-au-salon-sib-telecom-2016.jpg]
[www.tunav.com/fr/blog/6/participation-de-tunav-au-salon-du-transport-logistique-2016.html]
[www.tunav.com/fr/blog/7/participation-de-tunav-au-salon-sib-telecom-2016.html]
[www.tunav.com/blog.2c.delayed]
[www.tunav.com/contact.2d.delayed]
[www.tunav.com/laTrace.2e.delayed]
[www.tunav.com/leParc.30.delayed]
[www.tunav.com/sig.31.delayed]
[www.tunav.com/bundles/frontend/assets/img/widgets/video-play.png]
[www.tunav.com/bundles/frontend/assets/scripts/rrssb.js]
[www.google-analytics.com/analytics.js]
[www.tunav.com/js/0da580a_html5shiv_1.js]
[www.tunav.com/js/0da580a_respond.min_2.js]
[www.tunav.com/js/0da580a_jquery.migrate.min_3.js]
[www.tunav.com/js/0da580a_bootstrap.min_4.js]
[www.tunav.com/js/0da580a_rrssb_5.js]
[www.tunav.com/js/0da580a_jquery.smooth-scroll_6.js]
[www.tunav.com/js/0da580a_jquery.animsition.min_7.js]
[www.tunav.com/js/0da580a_jquery.mCustomScrollbar.concat.min_8.js]
[www.tunav.com/js/0da580a_jquery.magnific-popup.min_9.js]
[www.tunav.com/js/0da580a_jquery.wow.min_10.js]
[www.tunav.com/js/0da580a_dzsparallaxer_11.js]
[www.tunav.com/js/0da580a_jquery.cubeportfolio.min_12.js]
[www.tunav.com/js/0da580a_jquery.validate.min_13.js]
[www.tunav.com/js/0da580a_jquery.html5.video.vide_14.js]
[www.tunav.com/js/0da580a_google-map_15.js]
[www.tunav.com/js/0da580a_app_16.js]
[www.tunav.com/js/0da580a_group-small-js_17.js]
[www.tunav.com/js/0da580a_magnific-popup_18.js]
[www.tunav.com/js/0da580a_form-modal_19.js]
[www.tunav.com/js/0da580a_owl-carousel_20.js]
[www.tunav.com/js/0da580a_google-map_21.js]
[www.tunav.com/index.html]
[www.tunav.com/bundles/frontend/assets/plugins/bootstrap/fonts/glyphicons-halflings-regulard41d.eot]
[www.tunav.com/bundles/frontend/assets/plugins/bootstrap/fonts/glyphicons-halflings-regular.eot]
[www.tunav.com/bundles/frontend/assets/plugins/bootstrap/fonts/glyphicons-halflings-regular.woff]
[www.tunav.com/bundles/frontend/assets/plugins/bootstrap/fonts/glyphicons-halflings-regular.ttf]
[www.tunav.com/css/26984de_bootstrap.min_1.css]
[www.tunav.com/bundles/frontend/assets/plugins/font-awesome/fonts/fontawesome-webfont3295.eot]
[www.tunav.com/bundles/frontend/assets/plugins/font-awesome/fonts/fontawesome-webfontd41d.eot]
[www.tunav.com/bundles/frontend/assets/plugins/font-awesome/fonts/fontawesome-webfont3295.woff]
[www.tunav.com/bundles/frontend/assets/plugins/font-awesome/fonts/fontawesome-webfont3295.ttf]
[www.tunav.com/css/26984de_font-awesome.min_2.css]
[www.tunav.com/bundles/frontend/assets/plugins/et-line/fonts/et-line.eot]
[www.tunav.com/bundles/frontend/assets/plugins/et-line/fonts/et-lined41d.eot]
[www.tunav.com/bundles/frontend/assets/plugins/et-line/fonts/et-line.woff]
[www.tunav.com/bundles/frontend/assets/plugins/et-line/fonts/et-line.ttf]
[www.tunav.com/css/26984de_et-line_3.css]
[www.tunav.com/bundles/frontend/assets/plugins/scrollbar/mCSB_buttons.png]
[www.tunav.com/css/26984de_jquery.mCustomScrollbar_4.css]
[www.tunav.com/css/26984de_animate_5.css]
[www.tunav.com/css/26984de_magnific-popup_6.css]
[www.tunav.com/css/26984de_dzsparallaxer_7.css]
[www.tunav.com/bundles/frontend/assets/plugins/cubeportfolio/img/cbp-sprite.png]
[www.tunav.com/css/26984de_cubeportfolio.min_8.css]
[www.tunav.com/bundles/frontend/assets/plugins/owl-carousel/assets/owl.video.play.5d.delayed]
[www.tunav.com/css/26984de_owl.carousel_9.css]
[www.tunav.com/css/26984de_rrssb_10.css]
[www.tunav.com/bundles/frontend/assets/css/Diavlo_BOLD_II_37.otf]
[www.tunav.com/bundles/frontend/assets/img/1920x1080/10.jpg]
[www.tunav.com/bundles/frontend/assets/img/1920x1080/07.jpg]
[www.tunav.com/bundles/frontend/assets/img/1920x1080/48.jpg]
[www.tunav.com/bundles/frontend/assets/img/1920x1080/31.jpg]
[www.tunav.com/bundles/frontend/assets/img/1920x1080/17.jpg]
[www.tunav.com/bundles/frontend/assets/img/safari/safari-bg.jpg]
[www.tunav.com/bundles/frontend/assets/img/leparc/leparc-bg.jpg]
[www.tunav.com/bundles/frontend/assets/img/genie-bg.jpg]
[www.tunav.com/bundles/frontend/assets/img/telemetrie-bg.jpg]
[www.tunav.com/bundles/frontend/assets/img/1920x1080/22.68.delayed]
[www.tunav.com/bundles/frontend/assets/img/1920x1080/29.jpg]
[www.tunav.com/bundles/frontend/assets/img/office_room_interior_wallpaper.jpg]
[www.tunav.com/bundles/frontend/assets/img/1920x1080/52.6b.delayed]
[www.tunav.com/bundles/frontend/assets/img/1920x1080/34.jpg]
[www.tunav.com/bundles/frontend/assets/img/call-for-action.jpg]
[www.tunav.com/bundles/frontend/assets/img/laTrace-bg-2.jpg]
[www.tunav.com/bundles/frontend/assets/img/1920x1080/19.6f.delayed]
[www.tunav.com/bundles/frontend/assets/img/1920x1080/40.jpg]
[www.tunav.com/bundles/frontend/assets/img/1920x1080/04.jpg]
[www.tunav.com/bundles/frontend/assets/img/1920x1080/12.jpg]
[www.tunav.com/bundles/frontend/assets/img/1920x1080/42.jpg]
[www.tunav.com/bundles/frontend/assets/img/sig/sig-bg.jpg]
[www.tunav.com/bundles/frontend/assets/img/1920x1080/46.75.delayed]
[www.tunav.com/bundles/frontend/assets/img/1920x1080/56.jpg]
[www.tunav.com/bundles/frontend/assets/img/1920x1080/57.jpg]
[www.tunav.com/bundles/frontend/assets/img/1920x1080/58.jpg]
[www.tunav.com/bundles/frontend/assets/img/500x500/11.jpg]
[www.tunav.com/bundles/frontend/assets/img/500x500/12.jpg]
[www.tunav.com/bundles/frontend/assets/img/500x500/13.jpg]
[www.tunav.com/bundles/frontend/assets/img/laTrace-bg.jpg]
[www.tunav.com/bundles/frontend/assets/img/laTrace-v2-bg.jpg]
[www.tunav.com/bundles/frontend/assets/img/1920x1080/45.7e.delayed]
[www.tunav.com/bundles/frontend/assets/img/slides/slide-1.jpg]
[www.tunav.com/bundles/frontend/assets/img/1920x1080/39.80.delayed]
[www.tunav.com/bundles/frontend/assets/img/1920x1080/47.jpg]
[www.tunav.com/bundles/frontend/assets/img/1920x1080/51.jpg]
[www.tunav.com/bundles/frontend/assets/img/miniTrace-bg.jpg]
[www.tunav.com/bundles/frontend/assets/img/1920x1080/32.84.delayed]
[www.tunav.com/bundles/frontend/assets/img/1920x1080/33.jpg]
[www.tunav.com/bundles/frontend/assets/img/1920x1080/44.jpg]
[www.tunav.com/bundles/frontend/assets/img/1920x1080/43.jpg]
[www.tunav.com/bundles/frontend/assets/img/laTrace/laTrace_gestion-centralisee.jpg]
[www.tunav.com/bundles/frontend/assets/img/laTrace/laTrace_panoplie-de-fonctionnalites.jpg]
[www.tunav.com/bundles/frontend/assets/img/laTrace/laTrace_base-de-donnee.jpg]
[www.tunav.com/bundles/frontend/assets/img/970x647/60.8b.delayed]
[www.tunav.com/bundles/frontend/assets/img/970x647/22.jpg]
[www.tunav.com/bundles/frontend/assets/img/970x970/27.jpg]
[www.tunav.com/bundles/frontend/assets/img/970x647/48.jpg]
[www.tunav.com/bundles/frontend/assets/img/970x647/44.jpg]
[www.tunav.com/bundles/frontend/assets/img/features.jpg]
[www.tunav.com/bundles/frontend/assets/img/anis-kallel-1.jpg]
[www.tunav.com/bundles/frontend/assets/img/team/aymen-elj.jpg]
[www.tunav.com/bundles/frontend/assets/img/team/Mehdi-Louati.png]
[www.tunav.com/bundles/frontend/assets/img/bg.jpg]
[www.tunav.com/bundles/frontend/assets/img/1920x1080/18.95.delayed]
[www.tunav.com/bundles/frontend/assets/img/1920x1080/15.jpg]
[www.tunav.com/bundles/frontend/assets/img/widgets/world-map.png]
[www.tunav.com/bundles/frontend/assets/img/1920x1080/30.98.delayed]
[www.tunav.com/bundles/frontend/assets/img/1920x1080/28.jpg]
[www.tunav.com/bundles/frontend/assets/img/1920x1080/03.jpg]
[www.tunav.com/bundles/frontend/assets/img/500x500/17.jpg]
[www.tunav.com/css/26984de_global_11.css]
[www.tunav.com/fr/index.html]
[www.tunav.com/en/Tunav.html]
[www.tunav.com/en/latrace-tracking-gps-gprs-tunisie.html]
[www.tunav.com/en/leParc.html]
[www.tunav.com/en/genie-logiciel.html]
[www.tunav.com/en/sig.html]
[www.tunav.com/en/telemetrie.html]
[www.tunav.com/en/safari.html]
[www.tunav.com/en/miniTrace.html]
[www.tunav.com/en/laTrace-particulier.html]
[www.tunav.com/en/partner.html]
[www.tunav.com/en/accesPartner.html]
[www.tunav.com/en/blog.html]
[www.tunav.com/en/contact.html]
[www.tunav.com/en/devis.html]
[www.tunav.com/en/index.html]
[www.tunav.com/en/blog/6/participation-de-tunav-au-salon-du-transport-logistique-2016.html]
[www.tunav.com/bundles/frontend/assets/img/logo-970x970.png]
[www.tunav.com/bundles/frontend/assets/img/gps.jpg]
[www.tunav.com/en/blog/7/participation-de-tunav-au-salon-sib-telecom-2016.html]
[www.tunav.com/bundles/frontend/assets/img/securite.jpg]
[www.tunav.com/bundles/frontend/assets/img/genie_logiciel.jpg]
[www.tunav.com/bundles/frontend/assets/img/carthographie.jpg]
[www.tunav.com/uploads/logo/5/sncft.jpg]
[www.tunav.com/uploads/logo/6/assad.jpg]
[www.tunav.com/uploads/logo/9/chahia.jpg]
[www.tunav.com/uploads/logo/8/etap.jpg]
[www.tunav.com/uploads/logo/11/toyota.jpg]
[www.tunav.com/uploads/logo/12/mg.jpg]
[www.tunav.com/uploads/logo/14/sicam.jpg]
[www.tunav.com/uploads/logo/15/l-epi-d-or.jpg]
[www.tunav.com/uploads/logo/17/tunisie-travaux.jpg]
[www.tunav.com/fr/Tunav.html]
[www.tunav.com/bundles/frontend/assets/img/logo-laTrace.png]
[www.tunav.com/bundles/frontend/assets/img/icons/devices.png]
[www.tunav.com/bundles/frontend/assets/img/icons/map.png]
[www.tunav.com/bundles/frontend/assets/img/icons/things.png]
[www.tunav.com/bundles/frontend/assets/img/laTrace_mockup.png]
[www.tunav.com/bundles/frontend/assets/img/laTrace/vehicules_utilitaires.jpg]
[www.tunav.com/bundles/frontend/assets/img/laTrace/voiture_particulier.jpg]
[www.tunav.com/bundles/frontend/assets/img/features/laTrace_Tracking_Automobile_Temps_Reel.png]
[www.tunav.com/bundles/frontend/assets/img/features/laTrace_Tracking_automobile_geofencing.png]
[www.tunav.com/bundles/frontend/assets/img/features/laTrace_Tracking_automobile_depassement_de_vitesse.png]
[www.tunav.com/bundles/frontend/assets/img/features/laTrace_Tracking_Automobile_remorquage.png]
[www.tunav.com/bundles/frontend/assets/img/features/laTrace_Tracking_Anti-demarrage-arret.png]
[www.tunav.com/bundles/frontend/assets/img/features/laTrace_Tracking_Automobile_qualite-de-conduite.png]
[www.tunav.com/bundles/frontend/assets/img/laTrace/options/niveau_carburant.gif]
[www.tunav.com/bundles/frontend/assets/img/laTrace/options/lecture_buscan.gif]
[www.tunav.com/bundles/frontend/assets/img/laTrace/options/camera.gif]
[www.tunav.com/bundles/frontend/assets/img/laTrace/options/identification_chauffeur.gif]
[www.tunav.com/bundles/frontend/assets/img/laTrace/options/temperature.gif]
[www.tunav.com/bundles/frontend/assets/img/laTrace/options/citerne.gif]
[www.tunav.com/bundles/frontend/assets/img/laTrace_devis.png]
[www.tunav.com/fr/latrace-tracking-gps-gprs-tunisie.html]
[www.tunav.com/fr/leParc.html]
[www.tunav.com/bundles/frontend/assets/img/genie/webTrace.png]
[www.tunav.com/bundles/frontend/assets/img/genie/webTrace_Mobile.png]
[www.tunav.com/bundles/frontend/assets/img/webTrace_Mobile.d0.delayed]
[www.tunav.com/bundles/frontend/assets/img/genie/winTrace.png]
[www.tunav.com/bundles/frontend/assets/img/genie/winTrace_Mobile.png]
[www.tunav.com/fr/genie-logiciel.html]
[www.tunav.com/bundles/frontend/assets/img/sig_sigweb.png]
[www.tunav.com/bundles/frontend/assets/img/geo_portail.png]
[www.tunav.com/fr/sig.html]
[www.tunav.com/fr/telemetrie.html]
[www.tunav.com/bundles/frontend/assets/img/safari/saisi-predictif-de-texte-pour-recherche.png]
[www.tunav.com/bundles/frontend/assets/img/safari/Recherche-par-themes.png]
[www.tunav.com/bundles/frontend/assets/img/safari/Calcul-automatique-de-la-route-instructions-visuelles-Instructions-vocales.png]
[www.tunav.com/bundles/frontend/assets/img/safari/Affichage-2D-3D.png]
[www.tunav.com/bundles/frontend/assets/img/safari/safari_smart.png]
[www.tunav.com/bundles/frontend/assets/img/safari/safari_update.png]
[www.tunav.com/fr/safari.html]
[www.tunav.com/bundles/frontend/assets/img/miniTrace-boitier.png]
[www.tunav.com/bundles/frontend/assets/img/logo_miniTrace.png]
[www.tunav.com/bundles/frontend/assets/img/miniTrace/miniTrace_geolocation.png]
[www.tunav.com/bundles/frontend/assets/img/miniTrace/miniTrace_bouton-sos-2.png]
[www.tunav.com/bundles/frontend/assets/img/miniTrace/miniTrace_geofencing.png]
[www.tunav.com/bundles/frontend/assets/img/miniTrace_mockup.png]
[www.tunav.com/bundles/frontend/assets/img/miniTrace/minitrace-suivi-enfants.jpg]
[www.tunav.com/bundles/frontend/assets/img/miniTrace/minitrace-suivi-personnes-agees.jpg]
[www.tunav.com/bundles/frontend/assets/img/miniTrace/minitrace-suivi-excursions.jpg]
[www.tunav.com/bundles/frontend/assets/img/miniTrace/minitrace-suivi-haj-omra.jpg]
[www.tunav.com/bundles/frontend/assets/img/miniTrace/minitrace-suivi-travailleurs.jpg]
[www.tunav.com/fr/miniTrace.html]
[www.tunav.com/fr/laTrace-particulier.html]
[www.tunav.com/bundles/frontend/assets/img/partnership.jpg]
[www.tunav.com/bundles/frontend/assets/img/widgets/whitebar-150.png]
[www.tunav.com/bundles/frontend/assets/plugins/rev-slider/js/jquery.themepunch.tools.min.js]
[www.tunav.com/bundles/frontend/assets/plugins/rev-slider/js/jquery.themepunch.revolution.min.js]
[www.tunav.com/bundles/frontend/assets/plugins/jquery.equal-height.js]
[www.tunav.com/bundles/frontend/assets/plugins/jquery.appear.js]
[www.tunav.com/bundles/frontend/assets/plugins/jquery.masonry.pkgd.min.js]
[www.tunav.com/bundles/frontend/assets/plugins/jquery.imagesloaded.pkgd.min.js]
[www.tunav.com/bundles/frontend/assets/plugins/owl-carousel/owl.carousel.min.js]
[www.tunav.com/bundles/frontend/assets/plugins/rev-slider/js/extensions/revolution.extension.actions.min.js]
[www.tunav.com/bundles/frontend/assets/plugins/rev-slider/js/extensions/revolution.extension.carousel.min.js]
[www.tunav.com/bundles/frontend/assets/plugins/rev-slider/js/extensions/revolution.extension.kenburn.min.js]
[www.tunav.com/bundles/frontend/assets/plugins/rev-slider/js/extensions/revolution.extension.layeranimation.min.js]
[www.tunav.com/bundles/frontend/assets/plugins/rev-slider/js/extensions/revolution.extension.migration.min.js]
[www.tunav.com/bundles/frontend/assets/plugins/rev-slider/js/extensions/revolution.extension.navigation.min.js]
[www.tunav.com/bundles/frontend/assets/plugins/rev-slider/js/extensions/revolution.extension.parallax.min.js]
[www.tunav.com/bundles/frontend/assets/plugins/rev-slider/js/extensions/revolution.extension.slideanims.min.js]
[www.tunav.com/bundles/frontend/assets/plugins/rev-slider/js/extensions/revolution.extension.video.min.js]
[www.tunav.com/bundles/frontend/assets/scripts/components/rev-slider.js]
[www.tunav.com/bundles/frontend/assets/scripts/components/equal-height.js]
[www.tunav.com/bundles/frontend/assets/scripts/components/progress-bar.js]
[www.tunav.com/bundles/frontend/assets/scripts/components/masonry.js]
[www.tunav.com/fr/partner.html]
[www.tunav.com/bundles/frontend/assets/plugins/jquery.min.js]
[www.tunav.com/bundles/frontend/favicon.ico]
[www.tunav.com/bundles/frontend/assets/img/logo_Tunav_Partner.10b.delayed]
[www.tunav.com/bundles/frontend/assets/plugins/jquery.migrate.min.js]
[www.tunav.com/bundles/frontend/assets/plugins/bootstrap/js/bootstrap.min.js]
[www.tunav.com/bundles/frontend/assets/plugins/jquery.smooth-scroll.js]
[www.tunav.com/bundles/frontend/assets/plugins/jquery.animsition.min.js]
[www.tunav.com/bundles/frontend/assets/plugins/validation/jquery.validate.min.js]
[www.tunav.com/bundles/frontend/assets/plugins/validation/additional-methods.min.js]
[www.tunav.com/bundles/frontend/assets/plugins/jquery.html5.video.vide.js]
[www.tunav.com/bundles/frontend/assets/scripts/app.js]
[www.tunav.com/bundles/frontend/assets/scripts/components/animsition.js]
[www.tunav.com/bundles/frontend/assets/scripts/components/login-form.js]
[www.tunav.com/fr/accesPartner.html]
[www.tunav.com/bundles/frontend/assets/img/slider2.jpg]
[www.tunav.com/uploads/article/9/9-astuces-pour-ne-pas-se-faire-voler-sa-voiture.jpg]
[www.tunav.com/fr/blog/9/9-astuces-pour-ne-pas-se-faire-voler-sa-voiture.html]
[www.tunav.com/uploads/article/10/bien-preparer-les-longs-trajets-de-voiture--.jpg]
[www.tunav.com/fr/blog/10/bien-preparer-les-longs-trajets-de-voiture--.html]
[www.tunav.com/uploads/article/11/comment-proteger-sa-voiture-en-hiver.jpg]
[www.tunav.com/fr/blog/11/comment-proteger-sa-voiture-en-hiver.html]
[www.tunav.com/uploads/article/13/quelques-conseils-pour-ne-pas-perdre-vos-bagages.jpg]
[www.tunav.com/fr/blog/13/quelques-conseils-pour-ne-pas-perdre-vos-bagages.html]
[www.tunav.com/uploads/article/14/les-dernieres-nouvelles-de-gps..jpg]
[www.tunav.com/fr/blog/14/les-dernieres-nouvelles-de-gps.html]
[www.tunav.com/fr/blog.html]
[www.tunav.com/fr/contact.html]
[www.tunav.com/bundles/frontend/assets/img/SLIDER1.jpg]
[www.tunav.com/fr/devis.html]
[www.tunav.com/fr/cat/1/blog.html]
[www.tunav.com/fr/cat/2/blog.html]
[www.tunav.com/uploads/pubLaTrace.png]
[www.tunav.com/fr/blog/6/participation-de-tunav-au-salon-du-transport-logistique-2016.html]
[www.tunav.com/fr/cat/3/blog.html]
[www.tunav.com/fr/blog/7/participation-de-tunav-au-salon-sib-telecom-2016.html]
[www.tunav.com/blog.html]
[www.tunav.com/contact.html]
[www.tunav.com/laTrace.html]
[www.tunav.com/leParc.html]
[www.tunav.com/sig.html]
[www.tunav.com/bundles/frontend/assets/plugins/bootstrap/fonts/glyphicons-halflings-regular.html]
[www.tunav.com/bundles/frontend/assets/plugins/bootstrap/fonts/glyphicons-halflings-regular.svg]
[www.tunav.com/bundles/frontend/assets/plugins/font-awesome/fonts/fontawesome-webfont3295.html]
[www.tunav.com/bundles/frontend/assets/plugins/font-awesome/fonts/fontawesome-webfont3295.svg]
[www.tunav.com/bundles/frontend/assets/plugins/et-line/fonts/et-line.svg]
[www.tunav.com/bundles/frontend/assets/plugins/scrollbar/mCSB_buttons.html]
[www.tunav.com/bundles/frontend/assets/plugins/owl-carousel/assets/owl.video.play.html]
[www.tunav.com/bundles/frontend/assets/img/1920x1080/10.html]
[www.tunav.com/bundles/frontend/assets/img/1920x1080/07.html]
[www.tunav.com/bundles/frontend/assets/img/1920x1080/48.html]
[www.tunav.com/bundles/frontend/assets/img/1920x1080/31.html]
[www.tunav.com/bundles/frontend/assets/img/1920x1080/17.html]
[www.tunav.com/bundles/frontend/assets/img/1920x1080/22.html]
[www.tunav.com/bundles/frontend/assets/img/1920x1080/29.html]
[www.tunav.com/bundles/frontend/assets/img/1920x1080/52.html]
[www.tunav.com/bundles/frontend/assets/img/1920x1080/34.html]
[www.tunav.com/bundles/frontend/assets/img/1920x1080/19.html]
[www.tunav.com/bundles/frontend/assets/img/1920x1080/40.html]
[www.tunav.com/bundles/frontend/assets/img/1920x1080/04.html]
[www.tunav.com/bundles/frontend/assets/img/1920x1080/12.html]
[www.tunav.com/bundles/frontend/assets/img/1920x1080/42.html]
[www.tunav.com/bundles/frontend/assets/img/1920x1080/46.html]
[www.tunav.com/bundles/frontend/assets/img/1920x1080/56.html]
[www.tunav.com/bundles/frontend/assets/img/1920x1080/57.html]
[www.tunav.com/bundles/frontend/assets/img/1920x1080/58.html]
[www.tunav.com/bundles/frontend/assets/img/500x500/11.html]
[www.tunav.com/bundles/frontend/assets/img/500x500/12.html]
[www.tunav.com/bundles/frontend/assets/img/500x500/13.html]
[www.tunav.com/bundles/frontend/assets/img/1920x1080/45.html]
[www.tunav.com/bundles/frontend/assets/img/1920x1080/39.html]
[www.tunav.com/bundles/frontend/assets/img/1920x1080/47.html]
[www.tunav.com/bundles/frontend/assets/img/1920x1080/51.html]
[www.tunav.com/bundles/frontend/assets/img/1920x1080/32.html]
[www.tunav.com/bundles/frontend/assets/img/1920x1080/33.html]
[www.tunav.com/bundles/frontend/assets/img/1920x1080/44.html]
[www.tunav.com/bundles/frontend/assets/img/1920x1080/43.html]
[www.tunav.com/bundles/frontend/assets/img/970x647/60.html]
[www.tunav.com/bundles/frontend/assets/img/970x647/22.html]
[www.tunav.com/bundles/frontend/assets/img/970x970/27.html]
[www.tunav.com/bundles/frontend/assets/img/970x647/48.html]
[www.tunav.com/bundles/frontend/assets/img/970x647/44.html]
[www.tunav.com/bundles/frontend/assets/img/1920x1080/18.html]
[www.tunav.com/bundles/frontend/assets/img/1920x1080/15.html]
[www.tunav.com/bundles/frontend/assets/img/1920x1080/30.html]
[www.tunav.com/bundles/frontend/assets/img/1920x1080/28.html]
[www.tunav.com/bundles/frontend/assets/img/1920x1080/03.html]
[www.tunav.com/bundles/frontend/assets/img/500x500/17.html]
[www.tunav.com/en/Tunav.html]
[www.tunav.com/en/latrace-tracking-gps-gprs-tunisie.html]
[www.tunav.com/en/leParc.html]
[www.tunav.com/en/genie-logiciel.html]
[www.tunav.com/en/sig.html]
[www.tunav.com/en/telemetrie.html]
[www.tunav.com/en/safari.html]
[www.tunav.com/en/miniTrace.html]
[www.tunav.com/en/laTrace-particulier.html]
[www.tunav.com/en/partner.html]
[www.tunav.com/en/accesPartner.html]
[www.tunav.com/en/blog/9/9-astuces-pour-ne-pas-se-faire-voler-sa-voiture.html]
[www.tunav.com/en/blog/10/bien-preparer-les-longs-trajets-de-voiture--.html]
[www.tunav.com/en/blog/11/comment-proteger-sa-voiture-en-hiver.html]
[www.tunav.com/en/blog/13/quelques-conseils-pour-ne-pas-perdre-vos-bagages.html]
[www.tunav.com/en/blog.html]
[www.tunav.com/en/contact.html]
[www.tunav.com/en/devis.html]
[www.tunav.com/en/cat/1/blog.html]
[www.tunav.com/en/blog/14/les-dernieres-nouvelles-de-gps.html]
[www.tunav.com/en/cat/2/blog.html]
[www.tunav.com/en/blog/6/participation-de-tunav-au-salon-du-transport-logistique-2016.html]
[www.tunav.com/en/blog/7/participation-de-tunav-au-salon-sib-telecom-2016.html]
[www.tunav.com/bundles/frontend/assets/img/webTrace_Mobile.html]
[www.tunav.com/bundles/frontend/assets/plugins/scrollbar/jquery.mCustomScrollbar.css]
[www.tunav.com/bundles/frontend/assets/css/animate.css]
[www.tunav.com/bundles/frontend/assets/plugins/magnific-popup/magnific-popup.css]
[www.tunav.com/bundles/frontend/assets/plugins/rev-slider/fonts/revicons/revicons90c6.eot]
[www.tunav.com/en/cat/3/blog.html]
[www.tunav.com/bundles/frontend/assets/plugins/rev-slider/fonts/revicons/revicons90c6.woff]
[www.tunav.com/bundles/frontend/assets/plugins/rev-slider/fonts/revicons/revicons90c6.ttf]
[www.tunav.com/bundles/frontend/assets/plugins/rev-slider/assets/gridtile.png]
[www.tunav.com/bundles/frontend/assets/plugins/rev-slider/assets/gridtile_white.png]
[www.tunav.com/bundles/frontend/assets/plugins/rev-slider/assets/gridtile_3x3.png]
[www.tunav.com/bundles/frontend/assets/plugins/rev-slider/assets/gridtile_3x3_white.png]
[www.tunav.com/bundles/frontend/assets/plugins/rev-slider/assets/coloredbg.png]
[www.tunav.com/bundles/frontend/assets/plugins/rev-slider/assets/loader.gif]
[www.tunav.com/bundles/frontend/assets/plugins/rev-slider/css/settings.css]
[www.tunav.com/bundles/frontend/assets/plugins/rev-slider/css/layers.css]
[www.tunav.com/bundles/frontend/assets/plugins/rev-slider/css/navigation.css]
[www.tunav.com/bundles/frontend/assets/plugins/owl-carousel/assets/owl.carousel.css]
[www.tunav.com/bundles/frontend/assets/plugins/bootstrap/css/bootstrap.min.css]
[www.tunav.com/bundles/frontend/assets/plugins/font-awesome/css/font-awesome.min.css]
[www.tunav.com/bundles/frontend/assets/plugins/et-line/et-line.css]
[www.tunav.com/bundles/frontend/assets/css/global.css]
[www.tunav.com/bundles/frontend/assets/css/theme/dark.css]
[www.tunav.com/bundles/frontend/assets/css/theme/base.css]
[www.tunav.com/bundles/frontend/assets/img/logo_Tunav_Partner.html]
[www.tunav.com/fr/blog/9/9-astuces-pour-ne-pas-se-faire-voler-sa-voiture.html]
[www.tunav.com/fr/blog/10/bien-preparer-les-longs-trajets-de-voiture--.html]
[www.tunav.com/fr/blog/11/comment-proteger-sa-voiture-en-hiver.html]
[www.tunav.com/fr/blog/13/quelques-conseils-pour-ne-pas-perdre-vos-bagages.html]
[www.tunav.com/fr/blog/14/les-dernieres-nouvelles-de-gps.html]
[www.tunav.com/fr/cat/1/blog.html]
[www.tunav.com/fr/cat/2/blog.html]
[www.tunav.com/fr/cat/3/blog.html]
[www.tunav.com/en/blog/9/9-astuces-pour-ne-pas-se-faire-voler-sa-voiture.html]
[www.tunav.com/en/blog/10/bien-preparer-les-longs-trajets-de-voiture--.html]
[www.tunav.com/en/blog/11/comment-proteger-sa-voiture-en-hiver.html]
[www.tunav.com/en/blog/13/quelques-conseils-pour-ne-pas-perdre-vos-bagages.html]
[www.tunav.com/en/blog/14/les-dernieres-nouvelles-de-gps.html]
[www.tunav.com/en/cat/1/blog.html]
[www.tunav.com/en/cat/2/blog.html]
[www.tunav.com/en/cat/3/blog.html]
[www.tunav.com/bundles/frontend/assets/plugins/rev-slider/fonts/revicons/revicons90c6.svg]
[www.tunav.com/bundles/frontend/assets/plugins/rev-slider/css/openhand.html]
[www.tunav.com/bundles/frontend/assets/plugins/rev-slider/css/closedhand.html]
[www.tunav.com/fr/cat/7/blog.html]
[www.tunav.com/fr/cat/7/blog.html]
[www.tunav.com/miniTrace.html]
[www.tunav.com/en/cat/7/blog.html]
[www.tunav.com/en/cat/7/blog.html]
